{"description":"","title":"Demo","version":"1.0.0"}
[{"name":"宠物"}]
{"/pet/{petId}/{petName}":{"get":{"deprecated":false,"description":"","operationId":"GetPetById","parameters":[{"description":"宠物 ID","example":"1","in":"path","name":"petId","required":true,"schema":{"type":"integer"}},{"description":"宠物名","in":"path","name":"petName","required":true,"schema":{"type":"string"}}],"requestBody":{"content":{"application/json":{"schema":{"$ref":"#/components/schemas/Category"}}}},"responses":{"200":{"content":{"application/json":{"examples":{"1":{"summary":"成功示例","value":{"code":0,"data":{"category":{"id":71,"name":"Cat"},"id":3,"name":"Hello Kity","photoUrls":["http://dummyimage.com/400x400"],"status":"sold","tags":[{"id":22,"name":"Cat"}]}}}},"schema":{"properties":{"code":{"description":"状态码","maximum":0,"minimum":0,"type":"integer"},"data":{"$ref":"#/components/schemas/Category"}},"required":["code","data"],"type":"object"}}},"description":"成功"}},"security":[],"summary":"查询宠物详情","tags":["宠物"]}}}
"3.0.1"
